petar@DESKTOP-C60RBBB MINGW64 ~/Desktop/Finki/git/SI_2024_lab1_161224 (master)
$ git branch bug1

petar@DESKTOP-C60RBBB MINGW64 ~/Desktop/Finki/git/SI_2024_lab1_161224 (master)
$ git branch bug2

petar@DESKTOP-C60RBBB MINGW64 ~/Desktop/Finki/git/SI_2024_lab1_161224 (master)
$ git checkout bug1
Switched to branch 'bug1'

petar@DESKTOP-C60RBBB MINGW64 ~/Desktop/Finki/git/SI_2024_lab1_161224 (bug1)
$ git commit -m "Fix wrong condition in filterOddLengthStrings"
On branch bug1
Changes not staged for commit:
  (use "git add <file>..." to update what will be committed)
  (use "git restore <file>..." to discard changes in working directory)
        modified:   SILab1_1.java

no changes added to commit (use "git add" and/or "git commit -a")

petar@DESKTOP-C60RBBB MINGW64 ~/Desktop/Finki/git/SI_2024_lab1_161224 (bug1)
$ ^C

petar@DESKTOP-C60RBBB MINGW64 ~/Desktop/Finki/git/SI_2024_lab1_161224 (bug1)
$ git commit -am "Fix wrong condition in filterOddLengthStrings"
warning: LF will be replaced by CRLF in SILab1_1.java.
The file will have its original line endings in your working directory
[bug1 b9b146d] Fix wrong condition in filterOddLengthStrings
 1 file changed, 1 insertion(+), 1 deletion(-)

petar@DESKTOP-C60RBBB MINGW64 ~/Desktop/Finki/git/SI_2024_lab1_161224 (bug1)
$ git checkout bug2
Switched to branch 'bug2'

petar@DESKTOP-C60RBBB MINGW64 ~/Desktop/Finki/git/SI_2024_lab1_161224 (bug2)
$ git commit -am "Fix wrong condition in makeBigStringFrom"
warning: LF will be replaced by CRLF in SILab1_2.java.
The file will have its original line endings in your working directory
[bug2 e742956] Fix wrong condition in makeBigStringFrom
 1 file changed, 1 insertion(+), 1 deletion(-)

petar@DESKTOP-C60RBBB MINGW64 ~/Desktop/Finki/git/SI_2024_lab1_161224 (bug2)
$ git checkout bug1
Switched to branch 'bug1'

petar@DESKTOP-C60RBBB MINGW64 ~/Desktop/Finki/git/SI_2024_lab1_161224 (bug1)
$ git commit -am "Call method filterOddLengthStrings in main class"
warning: LF will be replaced by CRLF in SILab1Main.java.
The file will have its original line endings in your working directory
[bug1 905638b] Call method filterOddLengthStrings in main class
 1 file changed, 1 insertion(+)

petar@DESKTOP-C60RBBB MINGW64 ~/Desktop/Finki/git/SI_2024_lab1_161224 (bug1)
$ git checkout bug2
Switched to branch 'bug2'

petar@DESKTOP-C60RBBB MINGW64 ~/Desktop/Finki/git/SI_2024_lab1_161224 (bug2)
$ git commit -am "Call method makeBigStringFrom in main class"
[bug2 c090fee] Call method makeBigStringFrom in main class
 1 file changed, 1 insertion(+)

petar@DESKTOP-C60RBBB MINGW64 ~/Desktop/Finki/git/SI_2024_lab1_161224 (bug2)
$ git push -u origin master
Everything up-to-date
Branch 'master' set up to track remote branch 'master' from 'origin'.

petar@DESKTOP-C60RBBB MINGW64 ~/Desktop/Finki/git/SI_2024_lab1_161224 (bug2)
$ git push -u origin
fatal: The current branch bug2 has no upstream branch.
To push the current branch and set the remote as upstream, use

    git push --set-upstream origin bug2


petar@DESKTOP-C60RBBB MINGW64 ~/Desktop/Finki/git/SI_2024_lab1_161224 (bug2)
$ git push -all
error: did you mean `--all` (with two dashes)?

petar@DESKTOP-C60RBBB MINGW64 ~/Desktop/Finki/git/SI_2024_lab1_161224 (bug2)
$ git push --all
Enumerating objects: 16, done.
Counting objects: 100% (16/16), done.
Delta compression using up to 4 threads
Compressing objects: 100% (12/12), done.
Writing objects: 100% (12/12), 1.24 KiB | 634.00 KiB/s, done.
Total 12 (delta 8), reused 0 (delta 0), pack-reused 0
remote: Resolving deltas: 100% (8/8), completed with 4 local objects.
To https://github.com/PetarTrajanovski/SI_2024_lab1_161224.git
 * [new branch]      bug1 -> bug1
 * [new branch]      bug2 -> bug2

petar@DESKTOP-C60RBBB MINGW64 ~/Desktop/Finki/git/SI_2024_lab1_161224 (bug2)
$ git checkout master
Switched to branch 'master'
Your branch is up to date with 'origin/master'.

petar@DESKTOP-C60RBBB MINGW64 ~/Desktop/Finki/git/SI_2024_lab1_161224 (master)
$ git merge bug1
Updating cd17456..905638b
Fast-forward
 SILab1Main.java | 1 +
 SILab1_1.java   | 2 +-
 2 files changed, 2 insertions(+), 1 deletion(-)

petar@DESKTOP-C60RBBB MINGW64 ~/Desktop/Finki/git/SI_2024_lab1_161224 (master)
$ git push -all
error: did you mean `--all` (with two dashes)?

petar@DESKTOP-C60RBBB MINGW64 ~/Desktop/Finki/git/SI_2024_lab1_161224 (master)
$ git push --all
Total 0 (delta 0), reused 0 (delta 0), pack-reused 0
To https://github.com/PetarTrajanovski/SI_2024_lab1_161224.git
   cd17456..905638b  master -> master

petar@DESKTOP-C60RBBB MINGW64 ~/Desktop/Finki/git/SI_2024_lab1_161224 (master)
$ git push origin master
Everything up-to-date

petar@DESKTOP-C60RBBB MINGW64 ~/Desktop/Finki/git/SI_2024_lab1_161224 (master)
$ checkout bug2
bash: checkout: command not found

petar@DESKTOP-C60RBBB MINGW64 ~/Desktop/Finki/git/SI_2024_lab1_161224 (master)
$ git checkout bug2
Switched to branch 'bug2'

petar@DESKTOP-C60RBBB MINGW64 ~/Desktop/Finki/git/SI_2024_lab1_161224 (bug2)
$ git rebase master
error: could not apply c090fee... Call method makeBigStringFrom in main class
Resolve all conflicts manually, mark them as resolved with
"git add/rm <conflicted_files>", then run "git rebase --continue".
You can instead skip this commit: run "git rebase --skip".
To abort and get back to the state before "git rebase", run "git rebase --abort".
Could not apply c090fee... Call method makeBigStringFrom in main class
Auto-merging SILab1Main.java
CONFLICT (content): Merge conflict in SILab1Main.java

petar@DESKTOP-C60RBBB MINGW64 ~/Desktop/Finki/git/SI_2024_lab1_161224 (bug2|REBASE 2/2)
$ ^C

petar@DESKTOP-C60RBBB MINGW64 ~/Desktop/Finki/git/SI_2024_lab1_161224 (bug2|REBASE 2/2)
$ git checkout master
error: you need to resolve your current index first
SILab1Main.java: needs merge

petar@DESKTOP-C60RBBB MINGW64 ~/Desktop/Finki/git/SI_2024_lab1_161224 (bug2|REBASE 2/2)
$ git rebase --skip
Successfully rebased and updated refs/heads/bug2.

petar@DESKTOP-C60RBBB MINGW64 ~/Desktop/Finki/git/SI_2024_lab1_161224 (bug2)
$ git checkout master
Switched to branch 'master'
Your branch is up to date with 'origin/master'.

petar@DESKTOP-C60RBBB MINGW64 ~/Desktop/Finki/git/SI_2024_lab1_161224 (master)
$ git merge bug2
Updating 905638b..eecc16b
Fast-forward
 SILab1_2.java | 2 +-
 1 file changed, 1 insertion(+), 1 deletion(-)

petar@DESKTOP-C60RBBB MINGW64 ~/Desktop/Finki/git/SI_2024_lab1_161224 (master)
$ git push
Enumerating objects: 5, done.
Counting objects: 100% (5/5), done.
Delta compression using up to 4 threads
Compressing objects: 100% (3/3), done.
Writing objects: 100% (3/3), 324 bytes | 324.00 KiB/s, done.
Total 3 (delta 2), reused 0 (delta 0), pack-reused 0
remote: Resolving deltas: 100% (2/2), completed with 2 local objects.
To https://github.com/PetarTrajanovski/SI_2024_lab1_161224.git
   905638b..eecc16b  master -> master

petar@DESKTOP-C60RBBB MINGW64 ~/Desktop/Finki/git/SI_2024_lab1_161224 (master)
$ git push bug1
fatal: 'bug1' does not appear to be a git repository
fatal: Could not read from remote repository.

Please make sure you have the correct access rights
and the repository exists.

petar@DESKTOP-C60RBBB MINGW64 ~/Desktop/Finki/git/SI_2024_lab1_161224 (master)
$ git push --all
To https://github.com/PetarTrajanovski/SI_2024_lab1_161224.git
 ! [rejected]        bug2 -> bug2 (non-fast-forward)
error: failed to push some refs to 'https://github.com/PetarTrajanovski/SI_2024_lab1_161224.git'
hint: Updates were rejected because a pushed branch tip is behind its remote
hint: counterpart. Check out this branch and integrate the remote changes
hint: (e.g. 'git pull ...') before pushing again.
hint: See the 'Note about fast-forwards' in 'git push --help' for details.

petar@DESKTOP-C60RBBB MINGW64 ~/Desktop/Finki/git/SI_2024_lab1_161224 (master)
$ git push --all -force
error: did you mean `--force` (with two dashes)?

petar@DESKTOP-C60RBBB MINGW64 ~/Desktop/Finki/git/SI_2024_lab1_161224 (master)
$ git push --all --force
Total 0 (delta 0), reused 0 (delta 0), pack-reused 0
To https://github.com/PetarTrajanovski/SI_2024_lab1_161224.git
 + c090fee...eecc16b bug2 -> bug2 (forced update)
